// Jest Snapshot v1, https://goo.gl/fbAQLP

exports[`should match snapshot 1`] = `
.emotion-0 {
  color: #0063b3;
  font-size: 1rem;
  line-height: initial;
  -webkit-text-decoration: none;
  text-decoration: none;
  border-bottom: 1px solid transparent;
  display: -webkit-inline-box;
  display: -webkit-inline-flex;
  display: -ms-inline-flexbox;
  display: inline-flex;
  -webkit-align-items: center;
  -webkit-box-align: center;
  -ms-flex-align: center;
  align-items: center;
  -webkit-transition: color 300ms,border 300ms;
  transition: color 300ms,border 300ms;
  cursor: pointer;
}

.emotion-0:hover {
  color: #004781;
}

<a
  className="emotion-0"
  href="https://example.com"
>
  example.com
</a>
`;
