// Jest Snapshot v1, https://goo.gl/fbAQLP

exports[`should match snapshot 1`] = `
.emotion-0 {
  -webkit-animation: x-spin 1s linear infinite;
  animation: x-spin 1s linear infinite;
  display: inline-block;
  border-color: currentColor;
  border-style: solid;
  border-radius: 9999px;
  border-width: 2px;
  border-left-color: transparent;
  border-bottom-color: transparent;
  width: 1.5rem;
  height: 1.5rem;
}

<div
  className="emotion-0"
/>
`;
