// Jest Snapshot v1, https://goo.gl/fbAQLP

exports[`should match snapshot 1`] = `
.emotion-0 {
  font-weight: 500;
  -webkit-text-decoration: none;
  text-decoration: none;
  color: #fff;
  font-size: 1rem;
  line-height: 1.5rem;
  border-radius: 3px;
  display: -webkit-inline-box;
  display: -webkit-inline-flex;
  display: -ms-inline-flexbox;
  display: inline-flex;
  border: 1px solid transparent;
  -webkit-transition: background 300ms,color 300ms,border 300ms,box-shadow 300ms;
  transition: background 300ms,color 300ms,border 300ms,box-shadow 300ms;
  -webkit-align-items: center;
  -webkit-box-align: center;
  -ms-flex-align: center;
  align-items: center;
  -webkit-box-pack: center;
  -ms-flex-pack: center;
  -webkit-justify-content: center;
  justify-content: center;
  cursor: pointer;
  background-color: #0063b3;
  padding-right: 2rem;
  padding-left: 2rem;
  padding-top: 0.5rem;
  padding-bottom: 0.5rem;
}

.emotion-0:hover {
  background-color: #004781;
}

.emotion-0:focus {
  background-color: #004781;
  --x-shadow: inset 0px 0px 0 2px rgba(15,31,40,0.2);
  box-shadow: var(--x-ring-shadow,0 0 #0000),var(--x-shadow);
  outline: none;
}

.emotion-0:active {
  background-color: #002a50;
}

.emotion-0:disabled,
.emotion-0[aria-disabled=true] {
  cursor: not-allowed;
  opacity: 0.5;
}

<button
  className="emotion-0"
  onDragStart={[Function]}
  onKeyDown={[Function]}
  onKeyUp={[Function]}
  onMouseDown={[Function]}
  onMouseEnter={[Function]}
  onMouseLeave={[Function]}
  onMouseUp={[Function]}
  onTouchCancel={[Function]}
  onTouchEnd={[Function]}
  onTouchMove={[Function]}
  onTouchStart={[Function]}
  type="button"
>
  Hello
</button>
`;
