// Jest Snapshot v1, https://goo.gl/fbAQLP

exports[`should match snapshot 1`] = `
.emotion-0 {
  display: -webkit-box;
  display: -webkit-flex;
  display: -ms-flexbox;
  display: flex;
  width: 100%;
  position: relative;
  -webkit-flex-direction: column;
  -ms-flex-direction: column;
  flex-direction: column;
  color: #000f20;
  background: white;
  max-width: 26rem;
  border-radius: 3px;
  --x-shadow: 0 0.25rem 1rem 0 rgba(6,18,39,0.15);
  box-shadow: var(--x-ring-shadow,0 0 #0000),var(--x-shadow);
}

.emotion-1 {
  display: -webkit-box;
  display: -webkit-flex;
  display: -ms-flexbox;
  display: flex;
  -webkit-order: 1;
  -ms-flex-order: 1;
  order: 1;
  padding: 2rem;
  padding-bottom: 0;
}

.emotion-2 {
  font-size: 1.25rem;
  line-height: 1.75rem;
  font-weight: 600;
  margin-bottom: -0.75rem;
}

.emotion-3 {
  display: -webkit-box;
  display: -webkit-flex;
  display: -ms-flexbox;
  display: flex;
  -webkit-order: 2;
  -ms-flex-order: 2;
  order: 2;
}

.emotion-5 {
  padding: 2rem;
  display: -webkit-box;
  display: -webkit-flex;
  display: -ms-flexbox;
  display: flex;
  -webkit-flex-direction: column;
  -ms-flex-direction: column;
  flex-direction: column;
  -webkit-order: 3;
  -ms-flex-order: 3;
  order: 3;
}

.emotion-6 {
  display: -webkit-box;
  display: -webkit-flex;
  display: -ms-flexbox;
  display: flex;
  -webkit-order: 4;
  -ms-flex-order: 4;
  order: 4;
  padding: 2rem;
  padding-top: 0;
  font-size: 0.75rem;
  line-height: 1.125rem;
  color: #d5d5e0;
}

<div
  className="emotion-0"
>
  <div
    className="emotion-1"
  >
    <span
      className="emotion-2"
    >
      Card title
    </span>
  </div>
  <div
    className="emotion-3"
  >
    <img
      alt="cat"
      className="emotion-4"
      src="http://placekitten.com/500/300"
    />
  </div>
  <div
    className="emotion-5"
  >
    Text text text
  </div>
  <div
    className="emotion-6"
  >
    <p
      className="emotion-4"
    >
      Footer
    </p>
  </div>
</div>
`;
