// Jest Snapshot v1, https://goo.gl/fbAQLP

exports[`should match snapshot 1`] = `
<label
  className="emotion-0"
>
  Username
</label>
`;
