// Jest Snapshot v1, https://goo.gl/fbAQLP

exports[`should match snapshot 1`] = `
.emotion-0 {
  display: -webkit-box;
  display: -webkit-flex;
  display: -ms-flexbox;
  display: flex;
  -webkit-align-items: center;
  -webkit-box-align: center;
  -ms-flex-align: center;
  align-items: center;
}

.emotion-0>:not([hidden])~:not([hidden]) {
  --x-space-x-reverse: 0;
  margin-right: calc(0.5rem * var(--x-space-x-reverse));
  margin-left: calc(0.5rem * calc(1 - var(--x-space-x-reverse)));
}

.emotion-0:disabled,
.emotion-0[aria-disabled=true] {
  opacity: 0.3;
  pointer-events: none;
}

.emotion-2 {
  -webkit-transition: background 200ms,color 200ms,border 200ms;
  transition: background 200ms,color 200ms,border 200ms;
  background-color: #b9b9c6;
  color: #b9b9c6;
  border-width: 3px;
  border-color: #b9b9c6;
  border-radius: 9999px;
  position: relative;
}

.emotion-2:focus {
  background-color: #9c9eae;
  color: #9c9eae;
  border-color: #9c9eae;
}

.emotion-2:active {
  background-color: #808296;
  color: #808296;
  border-color: #808296;
}

.emotion-2:disabled,
.emotion-2[aria-disabled=true] {
  border-color: #d5d5e0;
}

[data-group]:hover .emotion-2,
[data-a-group]:hover .emotion-2 {
  background-color: #9c9eae;
  color: #9c9eae;
  border-color: #9c9eae;
}

.emotion-3 {
  -webkit-transition: margin 200ms;
  transition: margin 200ms;
  border-radius: 9999px;
  background-color: #ffffff;
  display: -webkit-box;
  display: -webkit-flex;
  display: -ms-flexbox;
  display: flex;
  -webkit-align-items: center;
  -webkit-box-align: center;
  -ms-flex-align: center;
  align-items: center;
  -webkit-box-pack: center;
  -ms-flex-pack: center;
  -webkit-justify-content: center;
  justify-content: center;
  width: 1rem;
  height: 1rem;
  margin-right: 1.25rem;
}

.emotion-4 {
  -webkit-user-select: none;
  -moz-user-select: none;
  -ms-user-select: none;
  user-select: none;
}

<label
  className="emotion-0"
  data-a-group={true}
>
  <div
    style={
      Object {
        "border": 0,
        "clip": "rect(0 0 0 0)",
        "clipPath": "inset(50%)",
        "height": 1,
        "margin": "0 -1px -1px 0",
        "overflow": "hidden",
        "padding": 0,
        "position": "absolute",
        "whiteSpace": "nowrap",
        "width": 1,
      }
    }
  >
    <input
      className="emotion-1"
      onBlur={[Function]}
      onChange={[Function]}
      onFocus={[Function]}
      type="checkbox"
    />
  </div>
  <div
    className="emotion-2"
  >
    <div
      className="emotion-3"
    />
  </div>
  <span
    className="emotion-4"
  />
</label>
`;
