// Jest Snapshot v1, https://goo.gl/fbAQLP

exports[`should match snapshot 1`] = `
.emotion-0 {
  display: -webkit-inline-box;
  display: -webkit-inline-flex;
  display: -ms-inline-flexbox;
  display: inline-flex;
  white-space: nowrap;
  font-size: 0.875rem;
  font-weight: 500;
  line-height: 1.625;
  color: #ffffff;
  -webkit-align-items: center;
  -webkit-box-align: center;
  -ms-flex-align: center;
  align-items: center;
  -webkit-user-select: none;
  -moz-user-select: none;
  -ms-user-select: none;
  user-select: none;
  -webkit-transition: color 300ms,background 300ms,border-color 300ms;
  transition: color 300ms,background 300ms,border-color 300ms;
  border-radius: 0.3rem;
  border: 1px solid;
  border-color: #808296;
  padding-right: 0.75rem;
  padding-left: 0.75rem;
  background-color: #808296;
}

<div
  className="emotion-0"
>
  Electronics
</div>
`;
